[INFO] Scanning for projects...
[INFO] 
[INFO] --------------------< com.failuredb:failuredb-api >---------------------
[INFO] Building failuredb-api 0.1.0-SNAPSHOT
[INFO]   from pom.xml
[INFO] --------------------------------[ jar ]---------------------------------
[INFO] 
[INFO] >>> spring-boot:3.5.9:run (default-cli) > test-compile @ failuredb-api >>>
[INFO] 
[INFO] --- resources:3.3.1:resources (default-resources) @ failuredb-api ---
[INFO] Copying 1 resource from src\main\resources to target\classes
[INFO] Copying 3 resources from src\main\resources to target\classes
[INFO] 
[INFO] --- compiler:3.14.1:compile (default-compile) @ failuredb-api ---
[INFO] Nothing to compile - all classes are up to date.
[INFO] 
[INFO] --- resources:3.3.1:testResources (default-testResources) @ failuredb-api ---
[INFO] Copying 1 resource from src\test\resources to target\test-classes
[INFO] 
[INFO] --- compiler:3.14.1:testCompile (default-testCompile) @ failuredb-api ---
[INFO] Nothing to compile - all classes are up to date.
[INFO] 
[INFO] <<< spring-boot:3.5.9:run (default-cli) < test-compile @ failuredb-api <<<
[INFO] 
[INFO] 
[INFO] --- spring-boot:3.5.9:run (default-cli) @ failuredb-api ---
[INFO] Attaching agents: []

  .   ____          _            __ _ _
 /\\ / ___'_ __ _ _(_)_ __  __ _ \ \ \ \
( ( )\___ | '_ | '_| | '_ \/ _` | \ \ \ \
 \\/  ___)| |_)| | | | | || (_| |  ) ) ) )
  '  |____| .__|_| |_|_| |_\__, | / / / /
 =========|_|==============|___/=/_/_/_/

 :: Spring Boot ::                (v3.5.9)

2026-08-21T12:08:14.511+05:30  INFO 23392 --- [failuredb-api] [           main] com.failuredb.FailureDbApplication       : Starting FailureDbApplication using Java 21.0.12 with PID 23392 (C:\Users\santh\OneDrive\Desktop\failureDB\backend\target\classes started by santh in C:\Users\santh\OneDrive\Desktop\failureDB\backend)
2026-08-21T12:08:14.514+05:30  INFO 23392 --- [failuredb-api] [           main] com.failuredb.FailureDbApplication       : No active profile set, falling back to 1 default profile: "default"
2026-08-21T12:08:15.637+05:30  INFO 23392 --- [failuredb-api] [           main] .s.d.r.c.RepositoryConfigurationDelegate : Bootstrapping Spring Data JPA repositories in DEFAULT mode.
2026-08-21T12:08:15.710+05:30  INFO 23392 --- [failuredb-api] [           main] .s.d.r.c.RepositoryConfigurationDelegate : Finished Spring Data repository scanning in 63 ms. Found 3 JPA repository interfaces.
2026-08-21T12:08:16.499+05:30  INFO 23392 --- [failuredb-api] [           main] o.s.b.w.embedded.tomcat.TomcatWebServer  : Tomcat initialized with port 8080 (http)
2026-08-21T12:08:16.531+05:30  INFO 23392 --- [failuredb-api] [           main] o.apache.catalina.core.StandardService   : Starting service [Tomcat]
2026-08-21T12:08:16.531+05:30  INFO 23392 --- [failuredb-api] [           main] o.apache.catalina.core.StandardEngine    : Starting Servlet engine: [Apache Tomcat/10.1.50]
2026-08-21T12:08:16.650+05:30  INFO 23392 --- [failuredb-api] [           main] o.a.c.c.C.[Tomcat].[localhost].[/]       : Initializing Spring embedded WebApplicationContext
2026-08-21T12:08:16.650+05:30  INFO 23392 --- [failuredb-api] [           main] w.s.c.ServletWebServerApplicationContext : Root WebApplicationContext: initialization completed in 2081 ms
2026-08-21T12:08:17.303+05:30  INFO 23392 --- [failuredb-api] [           main] com.zaxxer.hikari.HikariDataSource       : HikariPool-1 - Starting...
2026-08-21T12:08:17.954+05:30  INFO 23392 --- [failuredb-api] [           main] com.zaxxer.hikari.pool.HikariPool        : HikariPool-1 - Added connection conn0: url=jdbc:h2:file:./data/failuredb user=SA
2026-08-21T12:08:17.957+05:30  INFO 23392 --- [failuredb-api] [           main] com.zaxxer.hikari.HikariDataSource       : HikariPool-1 - Start completed.
2026-08-21T12:08:18.060+05:30  INFO 23392 --- [failuredb-api] [           main] org.flywaydb.core.FlywayExecutor         : Database: jdbc:h2:file:./data/failuredb (H2 2.3)
2026-08-21T12:08:18.155+05:30  INFO 23392 --- [failuredb-api] [           main] o.f.core.internal.command.DbValidate     : Successfully validated 2 migrations (execution time 00:00.056s)
2026-08-21T12:08:18.170+05:30  INFO 23392 --- [failuredb-api] [           main] o.f.core.internal.command.DbMigrate      : Current version of schema "PUBLIC": 2
2026-08-21T12:08:18.186+05:30  INFO 23392 --- [failuredb-api] [           main] o.f.core.internal.command.DbMigrate      : Schema "PUBLIC" is up to date. No migration necessary.
2026-08-21T12:08:18.360+05:30  INFO 23392 --- [failuredb-api] [           main] o.hibernate.jpa.internal.util.LogHelper  : HHH000204: Processing PersistenceUnitInfo [name: default]
2026-08-21T12:08:18.471+05:30  INFO 23392 --- [failuredb-api] [           main] org.hibernate.Version                    : HHH000412: Hibernate ORM core version 6.6.39.Final
2026-08-21T12:08:18.551+05:30  INFO 23392 --- [failuredb-api] [           main] o.h.c.internal.RegionFactoryInitiator    : HHH000026: Second-level cache disabled
2026-08-21T12:08:19.374+05:30  INFO 23392 --- [failuredb-api] [           main] o.s.o.j.p.SpringPersistenceUnitInfo      : No LoadTimeWeaver setup: ignoring JPA class transformer
2026-08-21T12:08:19.517+05:30  INFO 23392 --- [failuredb-api] [           main] org.hibernate.orm.connections.pooling    : HHH10001005: Database info:
	Database JDBC URL [Connecting through datasource 'HikariDataSource (HikariPool-1)']
	Database driver: undefined/unknown
	Database version: 2.3.232
	Autocommit mode: undefined/unknown
	Isolation level: undefined/unknown
	Minimum pool size: undefined/unknown
	Maximum pool size: undefined/unknown
2026-08-21T12:08:21.642+05:30  INFO 23392 --- [failuredb-api] [           main] o.h.e.t.j.p.i.JtaPlatformInitiator       : HHH000489: No JTA platform available (set 'hibernate.transaction.jta.platform' to enable JTA platform integration)
2026-08-21T12:08:21.697+05:30  INFO 23392 --- [failuredb-api] [           main] j.LocalContainerEntityManagerFactoryBean : Initialized JPA EntityManagerFactory for persistence unit 'default'
2026-08-21T12:08:22.419+05:30  INFO 23392 --- [failuredb-api] [           main] r$InitializeUserDetailsManagerConfigurer : Global AuthenticationManager configured with UserDetailsService bean with name users
2026-08-21T12:08:23.274+05:30  INFO 23392 --- [failuredb-api] [           main] o.s.b.w.embedded.tomcat.TomcatWebServer  : Tomcat started on port 8080 (http) with context path '/'
2026-08-21T12:08:23.289+05:30  INFO 23392 --- [failuredb-api] [           main] com.failuredb.FailureDbApplication       : Started FailureDbApplication in 9.541 seconds (process running for 9.967)
2026-08-21T12:08:27.657+05:30  INFO 23392 --- [failuredb-api] [nio-8080-exec-1] o.a.c.c.C.[Tomcat].[localhost].[/]       : Initializing Spring DispatcherServlet 'dispatcherServlet'
2026-08-21T12:08:27.657+05:30  INFO 23392 --- [failuredb-api] [nio-8080-exec-1] o.s.web.servlet.DispatcherServlet        : Initializing Servlet 'dispatcherServlet'
2026-08-21T12:08:27.657+05:30  INFO 23392 --- [failuredb-api] [nio-8080-exec-1] o.s.web.servlet.DispatcherServlet        : Completed initialization in 0 ms
2026-08-21T13:40:51.196+05:30  WARN 23392 --- [failuredb-api] [l-1:housekeeper] com.zaxxer.hikari.pool.HikariPool        : HikariPool-1 - Thread starvation or clock leap detected (housekeeper delta=5m32s46ms908µs100ns).
